// Jest Snapshot v1, https://goo.gl/fbAQLP

exports[`Тестирование всего приложения Тестируем рендер Complete 1`] = `
<Provider
  store={
    Object {
      "dispatch": [Function],
      "getState": [Function],
      "replaceReducer": [Function],
      "subscribe": [Function],
      Symbol(observable): [Function],
    }
  }
>
  <Connect(Complete)>
    <Complete
      addProduct={[Function]}
      getComplete={[Function]}
      loading={true}
      productItems={Array []}
    >
      <p>
        loading...
      </p>
    </Complete>
  </Connect(Complete)>
</Provider>
`;
